mode: set
mi-tech/internal/shared/extclient/amazon/auth.go:35.81,44.2 1 1
mi-tech/internal/shared/extclient/amazon/auth.go:47.58,49.62 2 1
mi-tech/internal/shared/extclient/amazon/auth.go:49.62,53.3 3 0
mi-tech/internal/shared/extclient/amazon/auth.go:54.2,60.62 4 1
mi-tech/internal/shared/extclient/amazon/auth.go:60.62,62.3 1 0
mi-tech/internal/shared/extclient/amazon/auth.go:64.2,65.16 2 1
mi-tech/internal/shared/extclient/amazon/auth.go:65.16,67.3 1 0
mi-tech/internal/shared/extclient/amazon/auth.go:69.2,73.28 3 1
mi-tech/internal/shared/extclient/amazon/auth.go:76.59,84.16 7 1
mi-tech/internal/shared/extclient/amazon/auth.go:84.16,86.3 1 0
mi-tech/internal/shared/extclient/amazon/auth.go:87.2,90.16 3 1
mi-tech/internal/shared/extclient/amazon/auth.go:90.16,92.3 1 0
mi-tech/internal/shared/extclient/amazon/auth.go:93.2,96.38 3 1
mi-tech/internal/shared/extclient/amazon/auth.go:96.38,98.3 1 0
mi-tech/internal/shared/extclient/amazon/auth.go:100.2,101.57 2 1
mi-tech/internal/shared/extclient/amazon/auth.go:101.57,103.3 1 0
mi-tech/internal/shared/extclient/amazon/auth.go:105.2,105.24 1 1
mi-tech/internal/shared/extclient/amazon/client.go:23.59,44.2 2 1
mi-tech/internal/shared/extclient/amazon/client.go:47.64,50.16 2 1
mi-tech/internal/shared/extclient/amazon/client.go:50.16,52.3 1 0
mi-tech/internal/shared/extclient/amazon/client.go:53.2,57.16 3 1
mi-tech/internal/shared/extclient/amazon/client.go:57.16,59.3 1 0
mi-tech/internal/shared/extclient/amazon/client.go:60.2,60.24 1 1
mi-tech/internal/shared/extclient/amazon/client.go:60.24,62.3 1 1
mi-tech/internal/shared/extclient/amazon/client.go:65.2,66.16 2 1
mi-tech/internal/shared/extclient/amazon/client.go:66.16,68.3 1 0
mi-tech/internal/shared/extclient/amazon/client.go:70.2,70.29 1 1
mi-tech/internal/shared/extclient/amazon/client.go:75.108,80.20 4 1
mi-tech/internal/shared/extclient/amazon/client.go:80.20,82.3 1 0
mi-tech/internal/shared/extclient/amazon/client.go:83.2,85.22 2 1
mi-tech/internal/shared/extclient/amazon/client.go:85.22,87.21 2 1
mi-tech/internal/shared/extclient/amazon/client.go:87.21,89.4 1 0
mi-tech/internal/shared/extclient/amazon/client.go:90.3,90.59 1 1
mi-tech/internal/shared/extclient/amazon/client.go:93.2,96.16 3 1
mi-tech/internal/shared/extclient/amazon/client.go:96.16,98.3 1 0
mi-tech/internal/shared/extclient/amazon/client.go:100.2,101.16 2 1
mi-tech/internal/shared/extclient/amazon/client.go:101.16,103.3 1 0
mi-tech/internal/shared/extclient/amazon/client.go:104.2,107.38 3 1
mi-tech/internal/shared/extclient/amazon/client.go:107.38,109.3 1 0
mi-tech/internal/shared/extclient/amazon/client.go:111.2,116.54 2 1
mi-tech/internal/shared/extclient/amazon/client.go:116.54,118.3 1 0
mi-tech/internal/shared/extclient/amazon/client.go:120.2,120.35 1 1
mi-tech/internal/shared/extclient/amazon/client.go:124.82,128.16 3 0
mi-tech/internal/shared/extclient/amazon/client.go:128.16,130.3 1 0
mi-tech/internal/shared/extclient/amazon/client.go:132.2,133.16 2 0
mi-tech/internal/shared/extclient/amazon/client.go:133.16,135.3 1 0
mi-tech/internal/shared/extclient/amazon/client.go:136.2,139.38 3 0
mi-tech/internal/shared/extclient/amazon/client.go:139.38,141.3 1 0
mi-tech/internal/shared/extclient/amazon/client.go:143.2,148.54 2 0
mi-tech/internal/shared/extclient/amazon/client.go:148.54,150.3 1 0
mi-tech/internal/shared/extclient/amazon/client.go:152.2,152.39 1 0
mi-tech/internal/shared/extclient/amazon/client.go:156.97,163.22 3 0
mi-tech/internal/shared/extclient/amazon/client.go:163.22,165.3 1 0
mi-tech/internal/shared/extclient/amazon/client.go:166.2,166.20 1 0
mi-tech/internal/shared/extclient/amazon/client.go:166.20,168.3 1 0
mi-tech/internal/shared/extclient/amazon/client.go:170.2,172.16 3 0
mi-tech/internal/shared/extclient/amazon/client.go:172.16,174.3 1 0
mi-tech/internal/shared/extclient/amazon/client.go:175.2,178.16 3 0
mi-tech/internal/shared/extclient/amazon/client.go:178.16,180.3 1 0
mi-tech/internal/shared/extclient/amazon/client.go:181.2,184.80 3 0
mi-tech/internal/shared/extclient/amazon/client.go:184.80,186.3 1 0
mi-tech/internal/shared/extclient/amazon/client.go:188.2,191.58 2 0
mi-tech/internal/shared/extclient/amazon/client.go:191.58,193.3 1 0
mi-tech/internal/shared/extclient/amazon/client.go:195.2,195.29 1 0
mi-tech/internal/shared/extclient/amazon/client.go:199.77,203.16 3 0
mi-tech/internal/shared/extclient/amazon/client.go:203.16,205.3 1 0
mi-tech/internal/shared/extclient/amazon/client.go:207.2,208.16 2 0
mi-tech/internal/shared/extclient/amazon/client.go:208.16,210.3 1 0
mi-tech/internal/shared/extclient/amazon/client.go:211.2,214.38 3 0
mi-tech/internal/shared/extclient/amazon/client.go:214.38,216.3 1 0
mi-tech/internal/shared/extclient/amazon/client.go:218.2,219.58 2 0
mi-tech/internal/shared/extclient/amazon/client.go:219.58,221.3 1 0
mi-tech/internal/shared/extclient/amazon/client.go:223.2,223.20 1 0
mi-tech/internal/shared/extclient/amazon/client.go:227.71,231.16 3 0
mi-tech/internal/shared/extclient/amazon/client.go:231.16,233.3 1 0
mi-tech/internal/shared/extclient/amazon/client.go:235.2,236.16 2 0
mi-tech/internal/shared/extclient/amazon/client.go:236.16,238.3 1 0
mi-tech/internal/shared/extclient/amazon/client.go:239.2,242.38 3 0
mi-tech/internal/shared/extclient/amazon/client.go:242.38,244.3 1 0
mi-tech/internal/shared/extclient/amazon/client.go:246.2,249.58 2 0
mi-tech/internal/shared/extclient/amazon/client.go:249.58,251.3 1 0
mi-tech/internal/shared/extclient/amazon/client.go:253.2,253.24 1 0
mi-tech/internal/shared/extclient/amazon/client.go:257.66,260.20 2 0
mi-tech/internal/shared/extclient/amazon/client.go:260.20,262.3 1 0
mi-tech/internal/shared/extclient/amazon/client.go:264.2,285.16 5 0
mi-tech/internal/shared/extclient/amazon/client.go:285.16,287.3 1 0
mi-tech/internal/shared/extclient/amazon/client.go:288.2,291.16 3 0
mi-tech/internal/shared/extclient/amazon/client.go:291.16,293.3 1 0
mi-tech/internal/shared/extclient/amazon/client.go:294.2,296.80 2 0
mi-tech/internal/shared/extclient/amazon/client.go:296.80,299.3 2 0
mi-tech/internal/shared/extclient/amazon/client.go:301.2,301.12 1 0
mi-tech/internal/shared/extclient/amazon/signer.go:19.33,21.30 2 1
mi-tech/internal/shared/extclient/amazon/signer.go:21.30,23.129 2 1
mi-tech/internal/shared/extclient/amazon/signer.go:23.129,25.4 1 1
mi-tech/internal/shared/extclient/amazon/signer.go:25.9,27.4 1 1
mi-tech/internal/shared/extclient/amazon/signer.go:29.2,29.21 1 1
mi-tech/internal/shared/extclient/amazon/signer.go:32.37,34.30 2 1
mi-tech/internal/shared/extclient/amazon/signer.go:34.30,36.141 2 1
mi-tech/internal/shared/extclient/amazon/signer.go:36.141,38.4 1 1
mi-tech/internal/shared/extclient/amazon/signer.go:38.9,40.4 1 1
mi-tech/internal/shared/extclient/amazon/signer.go:42.2,42.21 1 1
mi-tech/internal/shared/extclient/amazon/signer.go:45.40,49.30 4 1
mi-tech/internal/shared/extclient/amazon/signer.go:49.30,51.28 2 1
mi-tech/internal/shared/extclient/amazon/signer.go:51.28,52.18 1 1
mi-tech/internal/shared/extclient/amazon/signer.go:52.18,55.5 2 1
mi-tech/internal/shared/extclient/amazon/signer.go:56.9,59.4 2 1
mi-tech/internal/shared/extclient/amazon/signer.go:61.2,61.21 1 1
mi-tech/internal/shared/extclient/amazon/signer.go:65.117,71.40 4 1
mi-tech/internal/shared/extclient/amazon/signer.go:71.40,73.3 1 1
mi-tech/internal/shared/extclient/amazon/signer.go:73.8,75.3 1 1
mi-tech/internal/shared/extclient/amazon/signer.go:78.2,78.52 1 1
mi-tech/internal/shared/extclient/amazon/signer.go:78.52,80.3 1 1
mi-tech/internal/shared/extclient/amazon/signer.go:80.8,80.63 1 1
mi-tech/internal/shared/extclient/amazon/signer.go:80.63,82.3 1 1
mi-tech/internal/shared/extclient/amazon/signer.go:85.2,88.31 3 1
mi-tech/internal/shared/extclient/amazon/signer.go:88.31,92.28 2 1
mi-tech/internal/shared/extclient/amazon/signer.go:92.28,93.12 1 1
mi-tech/internal/shared/extclient/amazon/signer.go:96.3,97.25 2 1
mi-tech/internal/shared/extclient/amazon/signer.go:97.25,99.4 1 1
mi-tech/internal/shared/extclient/amazon/signer.go:101.3,104.44 3 1
mi-tech/internal/shared/extclient/amazon/signer.go:107.2,111.34 4 1
mi-tech/internal/shared/extclient/amazon/signer.go:111.34,117.3 5 1
mi-tech/internal/shared/extclient/amazon/signer.go:119.2,128.27 6 1
mi-tech/internal/shared/extclient/amazon/signer.go:128.27,130.3 1 1
mi-tech/internal/shared/extclient/amazon/signer.go:131.2,131.19 1 1
mi-tech/internal/shared/extclient/amazon/signer.go:131.19,133.3 1 1
mi-tech/internal/shared/extclient/amazon/signer.go:136.2,137.64 2 1
mi-tech/internal/shared/extclient/amazon/signer.go:137.64,139.3 1 1
mi-tech/internal/shared/extclient/amazon/signer.go:140.2,145.17 4 1
mi-tech/internal/shared/extclient/amazon/signer.go:145.17,151.28 4 1
mi-tech/internal/shared/extclient/amazon/signer.go:151.28,155.22 4 1
mi-tech/internal/shared/extclient/amazon/signer.go:155.22,157.5 1 1
mi-tech/internal/shared/extclient/amazon/signer.go:160.4,161.18 2 1
mi-tech/internal/shared/extclient/amazon/signer.go:161.18,163.5 1 1
mi-tech/internal/shared/extclient/amazon/signer.go:164.4,165.18 2 1
mi-tech/internal/shared/extclient/amazon/signer.go:165.18,167.5 1 1
mi-tech/internal/shared/extclient/amazon/signer.go:169.4,169.59 1 1
mi-tech/internal/shared/extclient/amazon/signer.go:172.3,172.42 1 1
mi-tech/internal/shared/extclient/amazon/signer.go:172.42,173.34 1 1
mi-tech/internal/shared/extclient/amazon/signer.go:173.34,175.5 1 1
mi-tech/internal/shared/extclient/amazon/signer.go:176.4,176.36 1 1
mi-tech/internal/shared/extclient/amazon/signer.go:179.3,179.28 1 1
mi-tech/internal/shared/extclient/amazon/signer.go:179.28,180.13 1 1
mi-tech/internal/shared/extclient/amazon/signer.go:180.13,182.5 1 1
mi-tech/internal/shared/extclient/amazon/signer.go:183.4,185.35 3 1
mi-tech/internal/shared/extclient/amazon/signer.go:189.2,220.12 11 1
mi-tech/internal/shared/extclient/amazon/signer.go:223.49,227.2 3 1
mi-tech/internal/shared/extclient/amazon/signer.go:229.77,235.2 5 1
mi-tech/internal/shared/extclient/amazon/signer.go:238.89,240.21 2 1
mi-tech/internal/shared/extclient/amazon/signer.go:240.21,243.17 3 1
mi-tech/internal/shared/extclient/amazon/signer.go:243.17,245.4 1 1
mi-tech/internal/shared/extclient/amazon/signer.go:246.3,246.49 1 1
mi-tech/internal/shared/extclient/amazon/signer.go:249.2,249.77 1 1
mi-tech/internal/shared/extclient/amazon/sts.go:34.76,44.2 1 1
mi-tech/internal/shared/extclient/amazon/sts.go:47.89,48.21 1 1
mi-tech/internal/shared/extclient/amazon/sts.go:48.21,50.3 1 1
mi-tech/internal/shared/extclient/amazon/sts.go:52.2,61.16 9 1
mi-tech/internal/shared/extclient/amazon/sts.go:61.16,63.3 1 0
mi-tech/internal/shared/extclient/amazon/sts.go:64.2,68.16 3 1
mi-tech/internal/shared/extclient/amazon/sts.go:68.16,70.3 1 0
mi-tech/internal/shared/extclient/amazon/sts.go:72.2,73.16 2 1
mi-tech/internal/shared/extclient/amazon/sts.go:73.16,75.3 1 0
mi-tech/internal/shared/extclient/amazon/sts.go:76.2,79.38 3 1
mi-tech/internal/shared/extclient/amazon/sts.go:79.38,81.3 1 0
mi-tech/internal/shared/extclient/amazon/sts.go:83.2,84.57 2 1
mi-tech/internal/shared/extclient/amazon/sts.go:84.57,86.3 1 0
mi-tech/internal/shared/extclient/amazon/sts.go:88.2,89.71 2 1
